============================================================
AI Test Hub - API 接口测试
============================================================

✗ 错误：无法连接到服务器，请确保 app.py 正在运行
